MAP
  FONTSET "../symbols/fontes.txt"
  SYMBOLSET "../symbols/simbolosv6.sym"
  LAYER
    CONNECTION "password=sigweb2013 user=sigweb dbname=web_sig host=localhost port=5432"
    CONNECTIONTYPE POSTGIS
    DATA "geom from amenaza_sismica using unique gid using srid=4326"
    METADATA
      "METAESTAT_ID_MEDIDA_VARIAVEL"	""
      "cache"	"nao"
      "CLASSE"	"SIM"
      "permitekmz"	"sim"
      "iconetema"	""
      "METAESTAT_CODIGO_TIPO_REGIAO"	""
      "mensagem"	"Amenaza Sísmica"
      "permitedownload"	"sim"
      "metaestat"	""
      "download"	"sim"
      "permitekml"	"sim"
      "permiteogc"	"sim"
      "tema"	"Amenaza Sísmica"
      "cortepixels"	"0"
    END # METADATA
    NAME "amenaza_sismica"
    PROCESSING "LABEL_NO_CLIP=True"
    PROCESSING "POLYLINE_NO_CLIP=True"
    STATUS DEFAULT
    TEMPLATE "none.htm"
    TILEITEM "location"
    OPACITY 80
    TYPE POLYGON
    UNITS METERS
    CLASS
      NAME "BAJA"
      EXPRESSION ('[grado_amen]'eq'BAJA')
      STYLE
        COLOR 180 247 177
        OUTLINECOLOR 180 247 177
      END # STYLE
      TITLE ""
    END # CLASS
    CLASS
      NAME "MEDIA"
      EXPRESSION ('[grado_amen]'eq'MEDIA')
      STYLE
        COLOR 247 190 30
        OUTLINECOLOR 247 190 30
      END # STYLE
      TITLE ""
    END # CLASS
    CLASS
      NAME "ALTA"
      EXPRESSION ('[grado_amen]'eq'ALTA')
      STYLE
        COLOR 239 27 27
        OUTLINECOLOR 239 27 27
      END # STYLE
      TITLE ""
    END # CLASS
  END # LAYER

END # MAP

