MAP
  FONTSET "../symbols/fontes.txt"
  SYMBOLSET "../symbols/simbolosv6.sym"
  LAYER
    CONNECTION "password=sigweb2013 user=sigweb dbname=web_sig host=localhost port=5432"
    CONNECTIONTYPE POSTGIS
    DATA "geom from curvas_nivel_igac_25k using unique gid using srid=4326"
    METADATA
      "METAESTAT_ID_MEDIDA_VARIAVEL"	""
      "cache"	"nao"
      "CLASSE"	"SIM"
      "olopacity"	""
      "permitekmz"	"sim"
      "gmopacity"	""
      "gmstatus"	""
      "iconetema"	""
      "METAESTAT_CODIGO_TIPO_REGIAO"	""
      "arquivotemaoriginal"	""
      "nomeoriginal"	""
      "olstatus"	""
      "permitedownload"	"sim"
      "FILTROORIGINAL"	""
      "PLUGINI3GEO"	""
      "DATAORIGINAL"	""
      "metaestat"	""
      "download"	"sim"
      "permitekml"	"sim"
      "permiteogc"	"sim"
      "tema"	"Curvas de Nivel"
      "cortepixels"	"0"
    END # METADATA
    NAME "curvas_nivel"
    PROCESSING "LABEL_NO_CLIP=True"
    PROCESSING "POLYLINE_NO_CLIP=True"
    STATUS DEFAULT
    TEMPLATE "none.htm"
    TILEITEM "location"
    TYPE LINE
    UNITS METERS
    CLASS
      NAME "Curvas de Nivel"
      EXPRESSION ('[tipo_curva]'eq'1010')
      STYLE
        COLOR 95 67 11
        OUTLINECOLOR 255 255 255
        WIDTH 0.25
      END # STYLE
      TITLE ""
    END # CLASS
  END # LAYER

END # MAP

