MAP
  FONTSET "../symbols/fontes.txt"
  SYMBOLSET "../symbols/simbolosv6.sym"
  LAYER
    CONNECTION "password=sigweb2013 user=sigweb dbname=web_sig host=localhost port=5432"
    CONNECTIONTYPE POSTGIS
    DATA "geom from drmi_r using unique gid using srid=4326"
    METADATA
      "cache"	"nao"
      "CLASSE"	"SIM"
      "permitekmz"	"sim"
      "mensagem"	"Zonificación Páramo Rabanal"
      "permitedownload"	"nao"
      "download"	"nao"
      "permitekml"	"sim"
      "permiteogc"	"sim"
      "tema"	"Zonificación Páramo Rabanal"
      "cortepixels"	"0"
    END # METADATA
    NAME "drmi_r"
    PROCESSING "LABEL_NO_CLIP=True"
    PROCESSING "POLYLINE_NO_CLIP=True"
    STATUS DEFAULT
    TEMPLATE "none.htm"
    TILEITEM "location"
    OPACITY 80
    TYPE POLYGON
    UNITS METERS
    CLASS
      NAME "Preservacion"
      EXPRESSION ('[zonifica]'eq'Preservacion')
      STYLE
        COLOR 62 172 40
        OUTLINECOLOR 62 172 40
      END # STYLE
      TITLE ""
    END # CLASS
    CLASS
      NAME "Restauracion"
      EXPRESSION ('[zonifica]'eq'Restauracion')
      STYLE
        COLOR 236 177 41
        OUTLINECOLOR 236 177 41
      END # STYLE
      TITLE ""
    END # CLASS
    CLASS
      NAME "Uso Sostenible (Desarrollo)"
      EXPRESSION ('[zonifica]'eq'Uso Sostenible (Desarrollo)')
      STYLE
        COLOR 242 15 15
        OUTLINECOLOR 242 15 15
      END # STYLE
      TITLE ""
    END # CLASS
    CLASS
      NAME "Uso Sostenible (Aprovechamiento)"
      EXPRESSION ('[zonifica]'eq'Uso Sostenible (Aprovechamiento)')
      STYLE
        COLOR 229 250 179
        OUTLINECOLOR 229 250 179
      END # STYLE
      TITLE ""
    END # CLASS
    CLASS
      NAME "Uso Publico (Recreacion)"
      EXPRESSION ('[zonifica]'eq'Uso Publico (Recreacion)')
      STYLE
        COLOR 153 30 247
        OUTLINECOLOR 153 30 247
      END # STYLE
      TITLE ""
    END # CLASS
  END # LAYER

END # MAP

