MAP
  FONTSET "../symbols/fontes.txt"
  SYMBOLSET "../symbols/simbolosv6.sym"
  LAYER
    CONNECTION "password=sigweb2013 user=sigweb dbname=web_sig host=localhost port=5432"
    CONNECTIONTYPE POSTGIS
    DATA "the_geom from registro_ifcv using unique gid using srid=4326"
    METADATA
      "METAESTAT_ID_MEDIDA_VARIAVEL"	""
      "cache"	"nao"
      "CLASSE"	"SIM"
      "olopacity"	""
      "permitekmz"	"sim"
      "gmopacity"	""
      "gmstatus"	""
      "METAESTAT_CODIGO_TIPO_REGIAO"	""
      "arquivotemaoriginal"	""
      "mensagem"	"Registro de Incendios (Cobertura Vegetal)"
      "nomeoriginal"	""
      "olstatus"	""
      "permitedownload"	"sim"
      "FILTROORIGINAL"	""
      "metaestat"	""
      "PLUGINI3GEO"	""
      "DATAORIGINAL"	""
      "download"	"sim"
      "permitekml"	"sim"
      "permiteogc"	"sim"
      "tema"	"Registro de Incendios (Cobertura Vegetal)"
      "cortepixels"	"0"
    END # METADATA
    NAME "registro_ifcv"
    PROCESSING "LABEL_NO_CLIP=True"
    PROCESSING "POLYLINE_NO_CLIP=True"
    STATUS DEFAULT
    TEMPLATE "none.htm"
    TILEITEM "location"
    OPACITY 90
    TYPE POLYGON
    UNITS METERS
    CLASS
      NAME "Registro de incendios (Cobertura Vegetal)"
      STYLE
        COLOR 246 26 26
        SIZE 12
      END # STYLE
      TITLE ""
    END # CLASS
  END # LAYER

END # MAP

