MAP
  FONTSET "../symbols/fontes.txt"
  SYMBOLSET "../symbols/simbolosv6.sym"
  LAYER
    CONNECTION "password=sigweb2013 user=sigweb dbname=web_sig host=localhost port=5432"
    CONNECTIONTYPE POSTGIS
    DATA "the_geom from veredas using unique gid using srid=4326"
    METADATA
      "METAESTAT_ID_MEDIDA_VARIAVEL"	""
      "cache"	"nao"
      "CLASSE"	"SIM"
      "permitekmz"	"sim"
      "METAESTAT_CODIGO_TIPO_REGIAO"	""
      "permitedownload"	"sim"
      "metaestat"	""
      "download"	"sim"
      "permitekml"	"sim"
      "permiteogc"	"sim"
      "tema"	"Veredas"
      "cortepixels"	"0"
    END # METADATA
    NAME "veredas"
    PROCESSING "LABEL_NO_CLIP=True"
    PROCESSING "POLYLINE_NO_CLIP=True"
    STATUS DEFAULT
    TEMPLATE "none.htm"
    TILEITEM "location"
    TYPE POLYGON
    UNITS METERS
    CLASS
      NAME ""
      STYLE
        BACKGROUNDCOLOR "#eee2e2b2"
        COLOR "#eee7e7b2"
        OPACITY 70
        OUTLINECOLOR "#de2929b2"
        SIZE 12
      END # STYLE
      TITLE ""
    END # CLASS
  END # LAYER

END # MAP

