MAP
  FONTSET "../symbols/fontes.txt"
  SYMBOLSET "../symbols/simbolosv6.sym"
  LAYER
    CONNECTION "password=sigweb2013 user=sigweb dbname=web_sig host=localhost port=5432"
    CONNECTIONTYPE POSTGIS
    DATA "geom from vertimientos_sirh using unique gid using srid=4326"
    METADATA
      "METAESTAT_ID_MEDIDA_VARIAVEL"	""
      "cache"	"nao"
      "olopacity"	""
      "CLASSE"	"SIM"
      "permitekmz"	"sim"
      "gmopacity"	""
      "gmstatus"	""
      "METAESTAT_CODIGO_TIPO_REGIAO"	""
      "arquivotemaoriginal"	""
      "olstatus"	""
      "nomeoriginal"	""
      "permitedownload"	"sim"
      "FILTROORIGINAL"	""
      "DATAORIGINAL"	""
      "PLUGINI3GEO"	""
      "metaestat"	""
      "download"	"sim"
      "permitekml"	"sim"
      "permiteogc"	"sim"
      "tema"	"Vertimientos"
      "cortepixels"	"0"
    END # METADATA
    NAME "vertimientos"
    PROCESSING "LABEL_NO_CLIP=True"
    PROCESSING "POLYLINE_NO_CLIP=True"
    STATUS DEFAULT
    TEMPLATE "none.htm"
    TILEITEM "location"
    TYPE POINT
    UNITS METERS
    CLASS
      NAME "Residual industrial"
      EXPRESSION ('[t_vert]'eq'Residual industrial')
      STYLE
        COLOR 23 30 240
        OUTLINECOLOR 255 255 255
        SIZE 15
        SYMBOL "ponto"
      END # STYLE
      TITLE ""
    END # CLASS
    CLASS
      NAME "Residual domestico"
      EXPRESSION ('[t_vert]'eq'Residual domestico')
      STYLE
        COLOR 44 203 235
        OUTLINECOLOR 255 255 255
        SIZE 10
        SYMBOL "ponto"
      END # STYLE
      TITLE ""
    END # CLASS
    CLASS
      NAME "Municipal"
      EXPRESSION ('[t_vert]'eq'Municipal')
      STYLE
        COLOR 242 28 28
        OUTLINECOLOR 255 255 255
        SIZE 6
        SYMBOL "ponto"
      END # STYLE
      TITLE ""
    END # CLASS
  END # LAYER

END # MAP

